// Jest Snapshot v1, https://goo.gl/fbAQLP

exports[`CNewBtn basic 1`] = `
<div>
  <a
    class="ant-btn ant-btn-primary"
    href="/"
    tabindex="0"
  >
    <span>
      添 加
    </span>
  </a>
</div>
`;
